// Jest Snapshot v1, https://goo.gl/fbAQLP

exports[`SimpleList.js matches the snapshot 1`] = `
<Component
  style={
    Object {
      "alignItems": "center",
      "backgroundColor": "#fff",
      "flex": 2,
      "justifyContent": "center",
    }
  }
>
  <FlatList
    data={
      Array [
        "Picard",
        "Riker",
        "Data",
        "Troi",
        "La Forge",
        "Worf",
      ]
    }
    disableVirtualization={false}
    horizontal={false}
    initialNumToRender={10}
    keyExtractor={[Function]}
    maxToRenderPerBatch={10}
    numColumns={1}
    onEndReachedThreshold={2}
    renderItem={[Function]}
    scrollEventThrottle={50}
    updateCellsBatchingPeriod={50}
    windowSize={21}
  />
</Component>
`;
