// Jest Snapshot v1, https://goo.gl/fbAQLP

exports[`Contact.js matches the snapshot 1`] = `
<Text
  accessible={true}
  allowFontScaling={true}
  ellipsizeMode="tail"
  onPress={[Function]}
  style={
    Object {
      "height": 48,
      "paddingLeft": 16,
      "textAlignVertical": "center",
      "width": 750,
    }
  }
>
  Picard
</Text>
`;
